::1 - - [07/Aug/2026 12:00:56] "GET / HTTP/1.1" 200 -
::1 - - [07/Aug/2026 12:00:56] "GET /slide-styles.css HTTP/1.1" 200 -
::1 - - [07/Aug/2026 12:00:56] "GET /deck-stage.js HTTP/1.1" 200 -
::1 - - [07/Aug/2026 12:00:56] "GET /image-slot.js HTTP/1.1" 200 -
::1 - - [07/Aug/2026 12:00:56] code 404, message File not found
::1 - - [07/Aug/2026 12:00:56] "GET /favicon.ico HTTP/1.1" 404 -
::1 - - [07/Aug/2026 12:00:57] "GET / HTTP/1.1" 200 -
::1 - - [07/Aug/2026 12:01:24] "GET / HTTP/1.1" 304 -
::1 - - [07/Aug/2026 12:01:25] "GET / HTTP/1.1" 200 -
::1 - - [07/Aug/2026 12:11:54] "GET / HTTP/1.1" 200 -
::1 - - [07/Aug/2026 12:12:18] "GET / HTTP/1.1" 304 -
::1 - - [07/Aug/2026 12:24:55] "GET / HTTP/1.1" 304 -
::1 - - [07/Aug/2026 12:24:55] "GET /slide-styles.css HTTP/1.1" 304 -
::1 - - [07/Aug/2026 12:24:55] code 404, message File not found
::1 - - [07/Aug/2026 12:24:55] "GET /.image-slots.state.json HTTP/1.1" 404 -
::1 - - [07/Aug/2026 12:26:01] "GET / HTTP/1.1" 304 -
::1 - - [07/Aug/2026 12:26:01] "GET /slide-styles.css HTTP/1.1" 200 -
::1 - - [07/Aug/2026 12:26:01] code 404, message File not found
::1 - - [07/Aug/2026 12:26:01] "GET /.image-slots.state.json HTTP/1.1" 404 -
::1 - - [07/Aug/2026 12:26:03] "GET / HTTP/1.1" 304 -
::1 - - [07/Aug/2026 12:26:03] "GET /slide-styles.css HTTP/1.1" 304 -
::1 - - [07/Aug/2026 12:26:03] code 404, message File not found
::1 - - [07/Aug/2026 12:26:03] "GET /.image-slots.state.json HTTP/1.1" 404 -
::ffff:127.0.0.1 - - [07/Aug/2026 12:26:24] "GET / HTTP/1.1" 200 -
::1 - - [07/Aug/2026 12:28:00] "GET / HTTP/1.1" 304 -
::1 - - [07/Aug/2026 12:28:00] "GET /slide-styles.css HTTP/1.1" 304 -
::1 - - [07/Aug/2026 12:28:00] code 404, message File not found
::1 - - [07/Aug/2026 12:28:00] "GET /.image-slots.state.json HTTP/1.1" 404 -
::1 - - [07/Aug/2026 12:30:29] "GET / HTTP/1.1" 200 -
::1 - - [07/Aug/2026 12:30:29] "GET /slide-styles.css HTTP/1.1" 304 -
::1 - - [07/Aug/2026 12:30:29] code 404, message File not found
::1 - - [07/Aug/2026 12:30:29] "GET /.image-slots.state.json HTTP/1.1" 404 -
::1 - - [07/Aug/2026 12:33:51] "GET / HTTP/1.1" 200 -
::1 - - [07/Aug/2026 12:33:51] "GET /slide-styles.css HTTP/1.1" 200 -
::1 - - [07/Aug/2026 12:33:51] code 404, message File not found
::1 - - [07/Aug/2026 12:33:51] "GET /.image-slots.state.json HTTP/1.1" 404 -
::1 - - [07/Aug/2026 12:34:41] "GET / HTTP/1.1" 200 -
::1 - - [07/Aug/2026 12:34:41] "GET /slide-styles.css HTTP/1.1" 304 -
::1 - - [07/Aug/2026 12:34:41] code 404, message File not found
::1 - - [07/Aug/2026 12:34:41] "GET /.image-slots.state.json HTTP/1.1" 404 -
::1 - - [07/Aug/2026 12:35:25] "GET / HTTP/1.1" 200 -
::1 - - [07/Aug/2026 12:35:25] "GET /slide-styles.css HTTP/1.1" 304 -
::1 - - [07/Aug/2026 12:35:25] code 404, message File not found
::1 - - [07/Aug/2026 12:35:25] "GET /.image-slots.state.json HTTP/1.1" 404 -
::1 - - [07/Aug/2026 12:37:15] "GET / HTTP/1.1" 200 -
::1 - - [07/Aug/2026 12:37:15] "GET /slide-styles.css HTTP/1.1" 304 -
::1 - - [07/Aug/2026 12:37:15] code 404, message File not found
::1 - - [07/Aug/2026 12:37:15] "GET /.image-slots.state.json HTTP/1.1" 404 -
::1 - - [07/Aug/2026 12:38:03] "GET / HTTP/1.1" 200 -
::1 - - [07/Aug/2026 12:38:03] "GET /slide-styles.css HTTP/1.1" 304 -
::1 - - [07/Aug/2026 12:38:03] code 404, message File not found
::1 - - [07/Aug/2026 12:38:03] "GET /.image-slots.state.json HTTP/1.1" 404 -
::1 - - [07/Aug/2026 12:39:41] "GET / HTTP/1.1" 200 -
::1 - - [07/Aug/2026 12:39:41] "GET /slide-styles.css HTTP/1.1" 304 -
::1 - - [07/Aug/2026 12:39:41] code 404, message File not found
::1 - - [07/Aug/2026 12:39:41] "GET /.image-slots.state.json HTTP/1.1" 404 -
::1 - - [07/Aug/2026 12:39:42] "GET / HTTP/1.1" 304 -
::1 - - [07/Aug/2026 12:39:42] code 404, message File not found
::1 - - [07/Aug/2026 12:39:42] "GET /.image-slots.state.json HTTP/1.1" 404 -
::ffff:127.0.0.1 - - [07/Aug/2026 12:41:28] "GET / HTTP/1.1" 200 -
::1 - - [07/Aug/2026 12:41:36] "GET / HTTP/1.1" 304 -
::1 - - [07/Aug/2026 12:41:36] "GET /slide-styles.css HTTP/1.1" 304 -
::1 - - [07/Aug/2026 12:41:36] code 404, message File not found
::1 - - [07/Aug/2026 12:41:36] "GET /.image-slots.state.json HTTP/1.1" 404 -
::1 - - [07/Aug/2026 12:43:09] "GET / HTTP/1.1" 304 -
::1 - - [07/Aug/2026 12:43:09] "GET /slide-styles.css HTTP/1.1" 304 -
::1 - - [07/Aug/2026 12:43:10] code 404, message File not found
::1 - - [07/Aug/2026 12:43:10] "GET /.image-slots.state.json HTTP/1.1" 404 -
::1 - - [07/Aug/2026 12:47:41] "GET / HTTP/1.1" 200 -
::1 - - [07/Aug/2026 12:47:41] "GET /slide-styles.css HTTP/1.1" 304 -
::1 - - [07/Aug/2026 12:47:41] code 404, message File not found
::1 - - [07/Aug/2026 12:47:41] "GET /.image-slots.state.json HTTP/1.1" 404 -
::1 - - [07/Aug/2026 12:53:17] "GET / HTTP/1.1" 200 -
::1 - - [07/Aug/2026 12:53:17] "GET /slide-styles.css HTTP/1.1" 304 -
::1 - - [07/Aug/2026 12:53:17] code 404, message File not found
::1 - - [07/Aug/2026 12:53:17] "GET /.image-slots.state.json HTTP/1.1" 404 -
::1 - - [07/Aug/2026 12:53:58] "GET / HTTP/1.1" 304 -
::1 - - [07/Aug/2026 12:53:58] code 404, message File not found
::1 - - [07/Aug/2026 12:53:58] "GET /.image-slots.state.json HTTP/1.1" 404 -
::1 - - [07/Aug/2026 12:54:09] "GET / HTTP/1.1" 200 -
::1 - - [07/Aug/2026 12:54:09] code 404, message File not found
::1 - - [07/Aug/2026 12:54:09] "GET /.image-slots.state.json HTTP/1.1" 404 -
::1 - - [07/Aug/2026 12:58:11] "GET / HTTP/1.1" 304 -
::1 - - [07/Aug/2026 12:58:11] "GET /slide-styles.css HTTP/1.1" 304 -
::1 - - [07/Aug/2026 12:58:11] code 404, message File not found
::1 - - [07/Aug/2026 12:58:11] "GET /.image-slots.state.json HTTP/1.1" 404 -
::1 - - [07/Aug/2026 12:58:17] "GET / HTTP/1.1" 200 -
::1 - - [07/Aug/2026 12:59:50] "GET / HTTP/1.1" 200 -
::1 - - [07/Aug/2026 13:01:07] "GET / HTTP/1.1" 200 -
::1 - - [07/Aug/2026 13:01:07] "GET /slide-styles.css HTTP/1.1" 304 -
::1 - - [07/Aug/2026 13:01:54] "GET / HTTP/1.1" 200 -
::1 - - [07/Aug/2026 13:02:28] "GET / HTTP/1.1" 304 -
::1 - - [07/Aug/2026 13:02:58] "GET / HTTP/1.1" 200 -
::1 - - [07/Aug/2026 13:05:14] "GET / HTTP/1.1" 304 -
::1 - - [07/Aug/2026 13:05:14] "GET /slide-styles.css HTTP/1.1" 304 -
::1 - - [07/Aug/2026 13:05:15] "GET / HTTP/1.1" 304 -
::1 - - [07/Aug/2026 13:05:57] "GET / HTTP/1.1" 200 -
::1 - - [07/Aug/2026 13:08:28] "GET / HTTP/1.1" 304 -
::1 - - [07/Aug/2026 13:12:29] "GET / HTTP/1.1" 200 -
::1 - - [07/Aug/2026 13:12:29] "GET /slide-styles.css HTTP/1.1" 304 -
::1 - - [07/Aug/2026 13:14:43] "GET / HTTP/1.1" 200 -
::1 - - [07/Aug/2026 13:19:23] "GET / HTTP/1.1" 200 -
::1 - - [07/Aug/2026 13:19:23] "GET /slide-styles.css HTTP/1.1" 304 -
::1 - - [07/Aug/2026 13:23:16] "GET / HTTP/1.1" 200 -
::1 - - [07/Aug/2026 13:23:59] "GET / HTTP/1.1" 200 -
::1 - - [07/Aug/2026 13:24:43] "GET / HTTP/1.1" 304 -
::1 - - [07/Aug/2026 13:24:43] "GET /slide-styles.css HTTP/1.1" 304 -
::1 - - [07/Aug/2026 13:24:44] "GET / HTTP/1.1" 304 -
::1 - - [07/Aug/2026 13:25:07] "GET / HTTP/1.1" 200 -
::1 - - [07/Aug/2026 13:32:40] "GET / HTTP/1.1" 200 -
::1 - - [07/Aug/2026 13:32:40] "GET /slide-styles.css HTTP/1.1" 304 -
::1 - - [07/Aug/2026 13:34:09] "GET / HTTP/1.1" 304 -
